// Jest Snapshot v1, https://goo.gl/fbAQLP

exports[`io.humanizeErrors returns a string of more readable errors 1`] = `
"Litter
  ├─ birthplace
  │   └─ isString(any)
  │       └─ isString rejected the value \`false\`
  └─ kittens
      └─ Vector(Cat)
          └─ [2]
              └─ Cat
                  ├─ isAdopted
                  │   └─ isBoolean(any)
                  │       └─ isBoolean rejected the value \`bit too soon\`
                  └─ age
                      └─ isPositive(isValidNumber(isNumber(any)))
                          └─ isPositive rejected the value \`-1\`"
`;
